// Jest Snapshot v1, https://goo.gl/fbAQLP

exports[`ListingCreator should render loading state initially 1`] = `
<div>
  <div
    class="listing-creator"
  >
    <div>
      <h3>
        Total Listings:
      </h3>
       
      <span>
        0
      </span>
    </div>
    <form>
      <div
        class="field"
      >
        <label>
          Title: 
        </label>
        <input
          name="title"
          placeholder="Enter Title"
          type="text"
          value=""
        />
        <span>
          ❌
        </span>
      </div>
      <div
        class="field"
      >
        <label>
          Author: 
        </label>
        <select>
          <option>
            Select Author
          </option>
          <option
            disabled=""
          >
            loading authors...
          </option>
        </select>
        <span>
          ❌
        </span>
      </div>
      <input
        type="submit"
        value="+"
      />
    </form>
  </div>
</div>
`;
